[     192ms] [INFO] %cDownload the React DevTools for a better development experience: https://react.dev/link/react-devtools font-weight:bold @ http://localhost:5173/node_modules/.vite/deps/react-dom_client.js?v=45ca4153:14336
[  248565ms] NotFoundError: Failed to execute 'removeChild' on 'Node': The node to be removed is not a child of this node.
    at removeChild (http://localhost:5173/node_modules/.vite/deps/react-dom_client.js?v=45ca4153:10584:19)
    at runWithFiberInDEV (http://localhost:5173/node_modules/.vite/deps/react-dom_client.js?v=45ca4153:850:66)
    at commitDeletionEffectsOnFiber (http://localhost:5173/node_modules/.vite/deps/react-dom_client.js?v=45ca4153:7110:7)
    at recursivelyTraverseDeletionEffects (http://localhost:5173/node_modules/.vite/deps/react-dom_client.js?v=45ca4153:7072:50)
    at commitDeletionEffectsOnFiber (http://localhost:5173/node_modules/.vite/deps/react-dom_client.js?v=45ca4153:7133:6)
    at recursivelyTraverseMutationEffects (http://localhost:5173/node_modules/.vite/deps/react-dom_client.js?v=45ca4153:7222:5)
    at commitMutationEffectsOnFiber (http://localhost:5173/node_modules/.vite/deps/react-dom_client.js?v=45ca4153:7318:6)
    at recursivelyTraverseMutationEffects (http://localhost:5173/node_modules/.vite/deps/react-dom_client.js?v=45ca4153:7232:103)
    at commitMutationEffectsOnFiber (http://localhost:5173/node_modules/.vite/deps/react-dom_client.js?v=45ca4153:7241:6)
    at recursivelyTraverseMutationEffects (http://localhost:5173/node_modules/.vite/deps/react-dom_client.js?v=45ca4153:7232:103)
[  248565ms] [WARNING] %s

%s
 An error occurred in the <section> component. Consider adding an error boundary to your tree to customize error handling behavior.
Visit https://react.dev/link/error-boundaries to learn more about error boundaries. @ http://localhost:5173/@vite/client:524
[  310100ms] [INFO] %cDownload the React DevTools for a better development experience: https://react.dev/link/react-devtools font-weight:bold @ http://localhost:5173/node_modules/.vite/deps/react-dom_client.js?v=45ca4153:14336
[  343664ms] NotFoundError: Failed to execute 'removeChild' on 'Node': The node to be removed is not a child of this node.
    at removeChild (http://localhost:5173/node_modules/.vite/deps/react-dom_client.js?v=45ca4153:10584:19)
    at runWithFiberInDEV (http://localhost:5173/node_modules/.vite/deps/react-dom_client.js?v=45ca4153:850:66)
    at commitDeletionEffectsOnFiber (http://localhost:5173/node_modules/.vite/deps/react-dom_client.js?v=45ca4153:7110:7)
    at recursivelyTraverseDeletionEffects (http://localhost:5173/node_modules/.vite/deps/react-dom_client.js?v=45ca4153:7072:50)
    at commitDeletionEffectsOnFiber (http://localhost:5173/node_modules/.vite/deps/react-dom_client.js?v=45ca4153:7133:6)
    at recursivelyTraverseMutationEffects (http://localhost:5173/node_modules/.vite/deps/react-dom_client.js?v=45ca4153:7222:5)
    at commitMutationEffectsOnFiber (http://localhost:5173/node_modules/.vite/deps/react-dom_client.js?v=45ca4153:7318:6)
    at recursivelyTraverseMutationEffects (http://localhost:5173/node_modules/.vite/deps/react-dom_client.js?v=45ca4153:7232:103)
    at commitMutationEffectsOnFiber (http://localhost:5173/node_modules/.vite/deps/react-dom_client.js?v=45ca4153:7241:6)
    at recursivelyTraverseMutationEffects (http://localhost:5173/node_modules/.vite/deps/react-dom_client.js?v=45ca4153:7232:103)
[  343668ms] [WARNING] %s

%s
 An error occurred in the <section> component. Consider adding an error boundary to your tree to customize error handling behavior.
Visit https://react.dev/link/error-boundaries to learn more about error boundaries. @ http://localhost:5173/@vite/client:524
[  346297ms] [INFO] %cDownload the React DevTools for a better development experience: https://react.dev/link/react-devtools font-weight:bold @ http://localhost:5173/node_modules/.vite/deps/react-dom_client.js?v=45ca4153:14336
[  348987ms] [INFO] %cDownload the React DevTools for a better development experience: https://react.dev/link/react-devtools font-weight:bold @ http://localhost:5173/node_modules/.vite/deps/react-dom_client.js?v=45ca4153:14336
[  357039ms] [INFO] %cDownload the React DevTools for a better development experience: https://react.dev/link/react-devtools font-weight:bold @ http://localhost:5173/node_modules/.vite/deps/react-dom_client.js?v=45ca4153:14336
[  360344ms] [INFO] %cDownload the React DevTools for a better development experience: https://react.dev/link/react-devtools font-weight:bold @ http://localhost:5173/node_modules/.vite/deps/react-dom_client.js?v=45ca4153:14336
[  372000ms] [INFO] %cDownload the React DevTools for a better development experience: https://react.dev/link/react-devtools font-weight:bold @ http://localhost:5173/node_modules/.vite/deps/react-dom_client.js?v=45ca4153:14336
[  376705ms] [INFO] %cDownload the React DevTools for a better development experience: https://react.dev/link/react-devtools font-weight:bold @ http://localhost:5173/node_modules/.vite/deps/react-dom_client.js?v=45ca4153:14336
[  381107ms] [INFO] %cDownload the React DevTools for a better development experience: https://react.dev/link/react-devtools font-weight:bold @ http://localhost:5173/node_modules/.vite/deps/react-dom_client.js?v=45ca4153:14336
[  390896ms] [INFO] %cDownload the React DevTools for a better development experience: https://react.dev/link/react-devtools font-weight:bold @ http://localhost:5173/node_modules/.vite/deps/react-dom_client.js?v=45ca4153:14336
[  440182ms] [INFO] %cDownload the React DevTools for a better development experience: https://react.dev/link/react-devtools font-weight:bold @ http://localhost:5173/node_modules/.vite/deps/react-dom_client.js?v=45ca4153:14336
